[2026-07-24 19:26:37,951] [11824] [MainThread] [INFO] (__main__:285) - USING:: version = False
[2026-07-24 19:26:37,951] [11824] [MainThread] [INFO] (__main__:285) - USING:: app = C:\Users\GoFOODAppPC\Documents\Github\ILD-OHIF-Tool\radiology
[2026-07-24 19:26:37,951] [11824] [MainThread] [INFO] (__main__:285) - USING:: studies = http://localhost:8042/dicom-web
[2026-07-24 19:26:37,951] [11824] [MainThread] [INFO] (__main__:285) - USING:: verbose = INFO
[2026-07-24 19:26:37,951] [11824] [MainThread] [INFO] (__main__:285) - USING:: conf = [['models', 'nnunet_lung,nnunet_ild']]
[2026-07-24 19:26:37,952] [11824] [MainThread] [INFO] (__main__:285) - USING:: host = 0.0.0.0
[2026-07-24 19:26:37,952] [11824] [MainThread] [INFO] (__main__:285) - USING:: port = 8000
[2026-07-24 19:26:37,952] [11824] [MainThread] [INFO] (__main__:285) - USING:: uvicorn_app = monailabel.app:app
[2026-07-24 19:26:37,952] [11824] [MainThread] [INFO] (__main__:285) - USING:: ssl_keyfile = None
[2026-07-24 19:26:37,952] [11824] [MainThread] [INFO] (__main__:285) - USING:: ssl_certfile = None
[2026-07-24 19:26:37,952] [11824] [MainThread] [INFO] (__main__:285) - USING:: ssl_keyfile_password = None
[2026-07-24 19:26:37,952] [11824] [MainThread] [INFO] (__main__:285) - USING:: ssl_ca_certs = None
[2026-07-24 19:26:37,952] [11824] [MainThread] [INFO] (__main__:285) - USING:: workers = None
[2026-07-24 19:26:37,952] [11824] [MainThread] [INFO] (__main__:285) - USING:: limit_concurrency = None
[2026-07-24 19:26:37,952] [11824] [MainThread] [INFO] (__main__:285) - USING:: access_log = False
[2026-07-24 19:26:37,952] [11824] [MainThread] [INFO] (__main__:285) - USING:: root_path = /
[2026-07-24 19:26:37,952] [11824] [MainThread] [INFO] (__main__:285) - USING:: log_level = info
[2026-07-24 19:26:37,952] [11824] [MainThread] [INFO] (__main__:285) - USING:: log_config = None
[2026-07-24 19:26:37,952] [11824] [MainThread] [INFO] (__main__:285) - USING:: dryrun = False
[2026-07-24 19:26:37,952] [11824] [MainThread] [INFO] (__main__:285) - USING:: action = start_server
[2026-07-24 19:26:37,953] [11824] [MainThread] [INFO] (__main__:296) - 
pkg_resources is deprecated as an API. See https://setuptools.pypa.io/en/latest/pkg_resources.html. The pkg_resources package is slated for removal as early as 2025-11-30. Refrain from using this package or pin to Setuptools<81.
[2026-07-24 19:26:39,763] [11824] [MainThread] [INFO] (uvicorn.error:74) - Started server process [11824]
[2026-07-24 19:26:39,763] [11824] [MainThread] [INFO] (uvicorn.error:48) - Waiting for application startup.
[2026-07-24 19:26:39,764] [11824] [MainThread] [INFO] (monailabel.interfaces.utils.app:37) - Initializing App from: C:\Users\GoFOODAppPC\Documents\Github\ILD-OHIF-Tool\radiology; studies: http://localhost:8042/dicom-web; conf: {'models': 'nnunet_lung,nnunet_ild'}
[2026-07-24 19:26:41,585] [11824] [MainThread] [INFO] (monailabel.utils.others.class_utils:57) - Subclass for MONAILabelApp Found: <class 'main.MyApp'>
[2026-07-24 19:26:41,606] [11824] [MainThread] [INFO] (monailabel.utils.others.class_utils:57) - Subclass for TaskConfig Found: <class 'lib.configs.deepedit.DeepEdit'>
[2026-07-24 19:26:41,608] [11824] [MainThread] [INFO] (monailabel.utils.others.class_utils:57) - Subclass for TaskConfig Found: <class 'lib.configs.deepgrow_2d.Deepgrow2D'>
[2026-07-24 19:26:41,609] [11824] [MainThread] [INFO] (monailabel.utils.others.class_utils:57) - Subclass for TaskConfig Found: <class 'lib.configs.deepgrow_3d.Deepgrow3D'>
[2026-07-24 19:26:41,610] [11824] [MainThread] [INFO] (monailabel.utils.others.class_utils:57) - Subclass for TaskConfig Found: <class 'lib.configs.localization_spine.LocalizationSpine'>
[2026-07-24 19:26:41,611] [11824] [MainThread] [INFO] (monailabel.utils.others.class_utils:57) - Subclass for TaskConfig Found: <class 'lib.configs.localization_vertebra.LocalizationVertebra'>
[2026-07-24 19:26:41,617] [11824] [MainThread] [INFO] (monailabel.utils.others.class_utils:57) - Subclass for TaskConfig Found: <class 'lib.configs.nnunet_ild.NNUNetILD'>
[2026-07-24 19:26:41,618] [11824] [MainThread] [INFO] (monailabel.utils.others.class_utils:57) - Subclass for TaskConfig Found: <class 'lib.configs.nnunet_lung.NNUNetLung'>
[2026-07-24 19:26:41,620] [11824] [MainThread] [INFO] (monailabel.utils.others.class_utils:57) - Subclass for TaskConfig Found: <class 'lib.configs.segmentation.Segmentation'>
[2026-07-24 19:26:41,621] [11824] [MainThread] [INFO] (monailabel.utils.others.class_utils:57) - Subclass for TaskConfig Found: <class 'lib.configs.segmentation_spleen.SegmentationSpleen'>
[2026-07-24 19:26:41,623] [11824] [MainThread] [INFO] (monailabel.utils.others.class_utils:57) - Subclass for TaskConfig Found: <class 'lib.configs.segmentation_vertebra.SegmentationVertebra'>
[2026-07-24 19:26:41,623] [11824] [MainThread] [INFO] (main:93) - +++ Adding Model: nnunet_lung => lib.configs.nnunet_lung.NNUNetLung
[2026-07-24 19:26:41,623] [11824] [MainThread] [INFO] (main:93) - +++ Adding Model: nnunet_ild => lib.configs.nnunet_ild.NNUNetILD
[2026-07-24 19:26:41,624] [11824] [MainThread] [INFO] (main:96) - +++ Using Models: ['nnunet_lung', 'nnunet_ild']
[2026-07-24 19:26:41,624] [11824] [MainThread] [INFO] (monailabel.interfaces.app:135) - Init Datastore for: http://localhost:8042/dicom-web
[2026-07-24 19:26:41,624] [11824] [MainThread] [INFO] (monailabel.interfaces.app:156) - Using DICOM WEB: http://localhost:8042/dicom-web
[2026-07-24 19:26:41,633] [11824] [MainThread] [INFO] (monailabel.datastore.dicom:62) - DICOMWeb Datastore (cache) Path: C:\Users\GoFOODAppPC\.cache\monailabel\dicom\e6414d4049f71ab28e6f9528a15f294e; FetchByFrame: False
[2026-07-24 19:26:41,633] [11824] [MainThread] [INFO] (monailabel.datastore.dicom:63) - DICOMWeb Convert To Nifti: True
[2026-07-24 19:26:41,633] [11824] [MainThread] [INFO] (monailabel.datastore.local:130) - Auto Reload: True; Extensions: ('*.nii.gz', '*.nii')
[2026-07-24 19:26:41,659] [11824] [MainThread] [INFO] (monailabel.datastore.local:577) - Invalidate count: 0
[2026-07-24 19:26:41,660] [11824] [MainThread] [INFO] (monailabel.datastore.local:151) - Start observing external modifications on datastore (AUTO RELOAD)
[2026-07-24 19:26:43,574] [11824] [MainThread] [INFO] (main:126) - +++ Adding Inferer:: nnunet_lung => <lib.infers.nnunet.NNUNet object at 0x00000261468A0D30>
[2026-07-24 19:26:44,554] [11824] [MainThread] [INFO] (main:126) - +++ Adding Inferer:: nnunet_ild => <lib.infers.nnunet.NNUNet object at 0x00000261468A0E20>
[2026-07-24 19:26:44,555] [11824] [MainThread] [INFO] (main:191) - {'nnunet_lung': <lib.infers.nnunet.NNUNet object at 0x00000261468A0D30>, 'nnunet_ild': <lib.infers.nnunet.NNUNet object at 0x00000261468A0E20>, 'Histogram+GraphCut': <monailabel.scribbles.infer.HistogramBasedGraphCut object at 0x0000026147083A60>, 'GMM+GraphCut': <monailabel.scribbles.infer.GMMBasedGraphCut object at 0x0000026147083BE0>}
[2026-07-24 19:26:44,556] [11824] [MainThread] [INFO] (monailabel.utils.sessions:51) - Session Path: C:\Users\GoFOODAppPC\.cache\monailabel\sessions
[2026-07-24 19:26:44,556] [11824] [MainThread] [INFO] (monailabel.utils.sessions:52) - Session Expiry (max): 3600
[2026-07-24 19:26:44,557] [11824] [MainThread] [INFO] (monailabel.interfaces.app:469) - App Init - completed
Allow Origins: ['*']
nnUNet_raw is not defined and nnU-Net can only be used on data for which preprocessed files are already present on your system. nnU-Net cannot be used for experiment planning and preprocessing like this. If this is not intended, please read documentation/setting_up_paths.md for information on how to set this up properly.
nnUNet_preprocessed is not defined and nnU-Net can not be used for preprocessing or training. If this is not intended, please read documentation/setting_up_paths.md for information on how to set this up.
nnUNet_results is not defined and nnU-Net cannot be used for training or inference. If this is not intended behavior, please read documentation/setting_up_paths.md for information on how to set this up.
[2026-07-24 19:26:44,558] [timeloop] [INFO] Starting Timeloop..
[2026-07-24 19:26:44,558] [11824] [MainThread] [INFO] (timeloop:60) - Starting Timeloop..
[2026-07-24 19:26:44,559] [timeloop] [INFO] Registered job <function MONAILabelApp.on_init_complete.<locals>.run_scheduler at 0x000002614751D990>
[2026-07-24 19:26:44,559] [11824] [MainThread] [INFO] (timeloop:42) - Registered job <function MONAILabelApp.on_init_complete.<locals>.run_scheduler at 0x000002614751D990>
[2026-07-24 19:26:44,560] [timeloop] [INFO] Timeloop now started. Jobs will run based on the interval set
[2026-07-24 19:26:44,560] [11824] [MainThread] [INFO] (timeloop:63) - Timeloop now started. Jobs will run based on the interval set
[2026-07-24 19:26:44,560] [11824] [MainThread] [INFO] (uvicorn.error:62) - Application startup complete.
[2026-07-24 19:26:44,561] [11824] [MainThread] [INFO] (uvicorn.error:217) - Uvicorn running on http://0.0.0.0:8000 (Press CTRL+C to quit)
[2026-07-24 19:27:16,215] [11824] [MainThread] [INFO] (dicomweb_client.web:2128) - search for series
[2026-07-24 19:27:18,430] [11824] [MainThread] [INFO] (dicomweb_client.web:2128) - search for series
