lerna notice cli v7.4.2

> @ohif/app:"build:viewer"

@ohif/app: [2K[1G@ohif/app: [1myarn run v1.22.22[22m
@ohif/app: [2K[1G[2m$ cross-env NODE_ENV=production yarn run build[22m
@ohif/app: [2K[1G[2m$ node --max_old_space_size=8096 ./../../node_modules/webpack/bin/webpack.js --progress --config .webpack/webpack.pwa.js[22m
@ohif/app: copy plugins [
@ohif/app:   {
@ohif/app:     from: [32m'/Users/dtraihn/Documents/Github/ILD-OHIF-Tool/plugins/ohifv3/Viewers/platform/app/src/../../../node_modules/dicom-microscopy-viewer/dist/dynamic-import'[39m,
@ohif/app:     to: [32m'/Users/dtraihn/Documents/Github/ILD-OHIF-Tool/plugins/ohifv3/Viewers/platform/app/dist'[39m,
@ohif/app:     toType: [32m'dir'[39m
@ohif/app:   }
@ohif/app: ]
@ohif/app: Browserslist: caniuse-lite is outdated. Please run:
@ohif/app:   npx update-browserslist-db@latest
@ohif/app:   Why you should do it regularly: https://github.com/browserslist/update-db#readme
@ohif/app: <s> [webpack.Progress] 0% 
@ohif/app: <s> [webpack.Progress] 1% setup before run
@ohif/app: <s> [webpack.Progress] 1% setup before run NodeEnvironmentPlugin
@ohif/app: <s> [webpack.Progress] 1% setup before run
@ohif/app: <s> [webpack.Progress] 2% setup run
@ohif/app: <s> [webpack.Progress] 2% setup run webpack-cli
@ohif/app: <s> [webpack.Progress] 2% setup run
@ohif/app: <s> [webpack.Progress] 4% setup normal module factory
@ohif/app: <s> [webpack.Progress] 4% setup normal module factory
@ohif/app: <s> [webpack.Progress] 5% setup context module factory
@ohif/app: <s> [webpack.Progress] 5% setup context module factory
@ohif/app: <s> [webpack.Progress] 6% setup before compile
@ohif/app: <s> [webpack.Progress] 6% setup before compile ProgressPlugin
@ohif/app: <s> [webpack.Progress] 6% setup before compile
@ohif/app: <s> [webpack.Progress] 7% setup compile
@ohif/app: <s> [webpack.Progress] 7% setup compile ExternalsPlugin
@ohif/app: <s> [webpack.Progress] 7% setup compile
@ohif/app: <s> [webpack.Progress] 8% setup compilation
@ohif/app: <s> [webpack.Progress] 8% setup compilation CopyPlugin
@ohif/app: <s> [webpack.Progress] 8% setup compilation InjectManifest
@ohif/app: <s> [webpack.Progress] 8% setup compilation mini-css-extract-plugin
@ohif/app: <s> [webpack.Progress] 8% setup compilation ArrayPushCallbackChunkFormatPlugin
@ohif/app: <s> [webpack.Progress] 8% setup compilation JsonpChunkLoadingPlugin
@ohif/app: <s> [webpack.Progress] 8% setup compilation StartupChunkDependenciesPlugin
@ohif/app: <s> [webpack.Progress] 8% setup compilation ImportScriptsChunkLoadingPlugin
@ohif/app: <s> [webpack.Progress] 8% setup compilation FetchCompileWasmPlugin
@ohif/app: <s> [webpack.Progress] 8% setup compilation FetchCompileAsyncWasmPlugin
@ohif/app: <s> [webpack.Progress] 8% setup compilation WorkerPlugin
@ohif/app: <s> [webpack.Progress] 8% setup compilation SplitChunksPlugin
@ohif/app: <s> [webpack.Progress] 8% setup compilation ResolverCachePlugin
@ohif/app: <s> [webpack.Progress] 8% setup compilation HtmlWebpackPlugin
@ohif/app: <s> [webpack.Progress] 8% setup compilation
@ohif/app: <s> [webpack.Progress] 9% setup compilation
@ohif/app: <s> [webpack.Progress] 9% setup compilation ProgressPlugin
@ohif/app: <s> [webpack.Progress] 9% setup compilation DefinePlugin
@ohif/app: <s> [webpack.Progress] 9% setup compilation ProvidePlugin
@ohif/app: <s> [webpack.Progress] 9% setup compilation DefinePlugin
@ohif/app: <s> [webpack.Progress] 9% setup compilation mini-css-extract-plugin
@ohif/app: <s> [webpack.Progress] 9% setup compilation ChunkPrefetchPreloadPlugin
@ohif/app: <s> [webpack.Progress] 9% setup compilation SourceMapDevToolPlugin
@ohif/app: <s> [webpack.Progress] 9% setup compilation JavascriptModulesPlugin
@ohif/app: <s> [webpack.Progress] 9% setup compilation JsonModulesPlugin
@ohif/app: <s> [webpack.Progress] 9% setup compilation AssetModulesPlugin
@ohif/app: <s> [webpack.Progress] 9% setup compilation EntryPlugin
@ohif/app: <s> [webpack.Progress] 9% setup compilation RuntimePlugin
@ohif/app: <s> [webpack.Progress] 9% setup compilation InferAsyncModulesPlugin
@ohif/app: <s> [webpack.Progress] 9% setup compilation DataUriPlugin
@ohif/app: <s> [webpack.Progress] 9% setup compilation FileUriPlugin
@ohif/app: <s> [webpack.Progress] 9% setup compilation CompatibilityPlugin
@ohif/app: <s> [webpack.Progress] 9% setup compilation HarmonyModulesPlugin
@ohif/app: <s> [webpack.Progress] 9% setup compilation AMDPlugin
@ohif/app: <s> [webpack.Progress] 9% setup compilation RequireJsStuffPlugin
@ohif/app: <s> [webpack.Progress] 9% setup compilation CommonJsPlugin
@ohif/app: <s> [webpack.Progress] 9% setup compilation LoaderPlugin
@ohif/app: <s> [webpack.Progress] 9% setup compilation LoaderPlugin
@ohif/app: <s> [webpack.Progress] 9% setup compilation NodeStuffPlugin
@ohif/app: <s> [webpack.Progress] 9% setup compilation APIPlugin
@ohif/app: <s> [webpack.Progress] 9% setup compilation ExportsInfoApiPlugin
@ohif/app: <s> [webpack.Progress] 9% setup compilation WebpackIsIncludedPlugin
@ohif/app: <s> [webpack.Progress] 9% setup compilation ConstPlugin
@ohif/app: <s> [webpack.Progress] 9% setup compilation UseStrictPlugin
@ohif/app: <s> [webpack.Progress] 9% setup compilation RequireIncludePlugin
@ohif/app: <s> [webpack.Progress] 9% setup compilation RequireEnsurePlugin
@ohif/app: <s> [webpack.Progress] 9% setup compilation RequireContextPlugin
@ohif/app: <s> [webpack.Progress] 9% setup compilation ImportPlugin
@ohif/app: <s> [webpack.Progress] 9% setup compilation ImportMetaContextPlugin
@ohif/app: <s> [webpack.Progress] 9% setup compilation SystemPlugin
@ohif/app: <s> [webpack.Progress] 9% setup compilation ImportMetaPlugin
@ohif/app: <s> [webpack.Progress] 9% setup compilation URLPlugin
@ohif/app: <s> [webpack.Progress] 9% setup compilation DefaultStatsFactoryPlugin
@ohif/app: <s> [webpack.Progress] 9% setup compilation DefaultStatsPresetPlugin
@ohif/app: <s> [webpack.Progress] 9% setup compilation DefaultStatsPrinterPlugin
@ohif/app: <s> [webpack.Progress] 9% setup compilation JavascriptMetaInfoPlugin
@ohif/app: <s> [webpack.Progress] 9% setup compilation EnsureChunkConditionsPlugin
@ohif/app: <s> [webpack.Progress] 9% setup compilation RemoveEmptyChunksPlugin
@ohif/app: <s> [webpack.Progress] 9% setup compilation MergeDuplicateChunksPlugin
@ohif/app: <s> [webpack.Progress] 9% setup compilation FlagIncludedChunksPlugin
@ohif/app: <s> [webpack.Progress] 9% setup compilation FlagDependencyExportsPlugin
@ohif/app: <s> [webpack.Progress] 9% setup compilation FlagDependencyUsagePlugin
@ohif/app: <s> [webpack.Progress] 9% setup compilation InnerGraphPlugin
@ohif/app: <s> [webpack.Progress] 9% setup compilation MangleExportsPlugin
@ohif/app: <s> [webpack.Progress] 9% setup compilation ModuleConcatenationPlugin
@ohif/app: <s> [webpack.Progress] 9% setup compilation NoEmitOnErrorsPlugin
@ohif/app: <s> [webpack.Progress] 9% setup compilation RealContentHashPlugin
@ohif/app: <s> [webpack.Progress] 9% setup compilation WasmFinalizeExportsPlugin
@ohif/app: <s> [webpack.Progress] 9% setup compilation DeterministicModuleIdsPlugin
@ohif/app: <s> [webpack.Progress] 9% setup compilation DeterministicChunkIdsPlugin
@ohif/app: <s> [webpack.Progress] 9% setup compilation DefinePlugin
@ohif/app: <s> [webpack.Progress] 9% setup compilation TerserPlugin
@ohif/app: <s> [webpack.Progress] 9% setup compilation TemplatedPathPlugin
@ohif/app: <s> [webpack.Progress] 9% setup compilation RecordIdsPlugin
@ohif/app: <s> [webpack.Progress] 9% setup compilation WarnCaseSensitiveModulesPlugin
@ohif/app: <s> [webpack.Progress] 9% setup compilation AddBuildDependenciesPlugin
@ohif/app: <s> [webpack.Progress] 9% setup compilation AddBuildDependenciesPlugin
@ohif/app: <s> [webpack.Progress] 9% setup compilation
@ohif/app: <s> [webpack.Progress] 10% building
@ohif/app: <s> [webpack.Progress] 10% building 0/1 entries 0/0 dependencies 0/0 modules
@ohif/app: <s> [webpack.Progress] 10% building 0/1 entries 1/1 dependencies 0/0 modules
@ohif/app: <s> [webpack.Progress] 15% building import loader ../../../node_modules/babel-loader/lib/index.js
@ohif/app: <s> [webpack.Progress] 15% building 0/1 entries 3009/3057 dependencies 723/1728 modules
@ohif/app: <s> [webpack.Progress] 16% building 0/1 entries 3200/7047 dependencies 888/1817 modules
@ohif/app: <s> [webpack.Progress] 64% building import loader ../../../node_modules/mini-css-extract-plugin/dist/loader.js
@ohif/app: <s> [webpack.Progress] 64% building import loader ../../../node_modules/css-loader/dist/cjs.js
@ohif/app: <s> [webpack.Progress] 64% building import loader ../../../node_modules/postcss-loader/dist/cjs.js
@ohif/app: <s> [webpack.Progress] 64% building 0/1 entries 21971/21974 dependencies 7670/7688 modules
@ohif/app: <s> [webpack.Progress] 65% building 1/1 entries 21987/21987 dependencies 7697/7697 modules
@ohif/app: <s> [webpack.Progress] 65% building
@ohif/app: <s> [webpack.Progress] 69% building finish
@ohif/app: <s> [webpack.Progress] 69% building finish
@ohif/app: <s> [webpack.Progress] 70% sealing finish module graph
@ohif/app: <s> [webpack.Progress] 70% sealing finish module graph ResolverCachePlugin
@ohif/app: <s> [webpack.Progress] 70% sealing finish module graph InferAsyncModulesPlugin
@ohif/app: <s> [webpack.Progress] 70% sealing finish module graph FlagDependencyExportsPlugin
@ohif/app: <s> [webpack.Progress] 70% sealing finish module graph InnerGraphPlugin
@ohif/app: <s> [webpack.Progress] 70% sealing finish module graph WasmFinalizeExportsPlugin
@ohif/app: <s> [webpack.Progress] 70% sealing finish module graph
@ohif/app: <s> [webpack.Progress] 70% sealing plugins
@ohif/app: <s> [webpack.Progress] 70% sealing plugins WarnCaseSensitiveModulesPlugin
@ohif/app: <s> [webpack.Progress] 70% sealing plugins
@ohif/app: <s> [webpack.Progress] 71% sealing dependencies optimization
@ohif/app: <s> [webpack.Progress] 71% sealing dependencies optimization FlagDependencyUsagePlugin
@ohif/app: <s> [webpack.Progress] 71% sealing dependencies optimization
@ohif/app: <s> [webpack.Progress] 71% sealing after dependencies optimization
@ohif/app: <s> [webpack.Progress] 71% sealing after dependencies optimization
@ohif/app: <s> [webpack.Progress] 72% sealing chunk graph
@ohif/app: <s> [webpack.Progress] 72% sealing chunk graph
@ohif/app: <s> [webpack.Progress] 73% sealing after chunk graph
@ohif/app: <s> [webpack.Progress] 73% sealing after chunk graph
@ohif/app: <s> [webpack.Progress] 73% sealing optimizing
@ohif/app: <s> [webpack.Progress] 73% sealing optimizing
@ohif/app: <s> [webpack.Progress] 74% sealing module optimization
@ohif/app: <s> [webpack.Progress] 74% sealing module optimization
@ohif/app: <s> [webpack.Progress] 75% sealing after module optimization
@ohif/app: <s> [webpack.Progress] 75% sealing after module optimization
@ohif/app: <s> [webpack.Progress] 75% sealing chunk optimization
@ohif/app: <s> [webpack.Progress] 75% sealing chunk optimization EnsureChunkConditionsPlugin
@ohif/app: <s> [webpack.Progress] 75% sealing chunk optimization RemoveEmptyChunksPlugin
@ohif/app: <s> [webpack.Progress] 75% sealing chunk optimization MergeDuplicateChunksPlugin
@ohif/app: <s> [webpack.Progress] 75% sealing chunk optimization SplitChunksPlugin
@ohif/app: <s> [webpack.Progress] 75% sealing chunk optimization RemoveEmptyChunksPlugin
@ohif/app: <s> [webpack.Progress] 75% sealing chunk optimization
@ohif/app: <s> [webpack.Progress] 76% sealing after chunk optimization
@ohif/app: <s> [webpack.Progress] 76% sealing after chunk optimization
@ohif/app: <s> [webpack.Progress] 77% sealing module and chunk tree optimization
@ohif/app: <s> [webpack.Progress] 77% sealing module and chunk tree optimization PersistentChildCompilerSingletonPlugin
@ohif/app: <s> [webpack.Progress] 77% sealing module and chunk tree optimization
@ohif/app: <s> [webpack.Progress] 77% sealing after module and chunk tree optimization
@ohif/app: <s> [webpack.Progress] 77% sealing after module and chunk tree optimization
@ohif/app: <s> [webpack.Progress] 78% sealing chunk modules optimization
@ohif/app: <s> [webpack.Progress] 78% sealing chunk modules optimization ModuleConcatenationPlugin
@ohif/app: <s> [webpack.Progress] 78% sealing chunk modules optimization
@ohif/app: <s> [webpack.Progress] 78% sealing after chunk modules optimization
@ohif/app: <s> [webpack.Progress] 78% sealing after chunk modules optimization
@ohif/app: <s> [webpack.Progress] 79% sealing module reviving
@ohif/app: <s> [webpack.Progress] 79% sealing module reviving RecordIdsPlugin
@ohif/app: <s> [webpack.Progress] 79% sealing module reviving
@ohif/app: <s> [webpack.Progress] 80% sealing before module ids
@ohif/app: <s> [webpack.Progress] 80% sealing before module ids
@ohif/app: <s> [webpack.Progress] 80% sealing module ids
@ohif/app: <s> [webpack.Progress] 80% sealing module ids DeterministicModuleIdsPlugin
@ohif/app: <s> [webpack.Progress] 80% sealing module ids
@ohif/app: <s> [webpack.Progress] 81% sealing module id optimization
@ohif/app: <s> [webpack.Progress] 81% sealing module id optimization
@ohif/app: <s> [webpack.Progress] 82% sealing module id optimization
@ohif/app: <s> [webpack.Progress] 82% sealing module id optimization
@ohif/app: <s> [webpack.Progress] 82% sealing chunk reviving
@ohif/app: <s> [webpack.Progress] 82% sealing chunk reviving RecordIdsPlugin
@ohif/app: <s> [webpack.Progress] 82% sealing chunk reviving
@ohif/app: <s> [webpack.Progress] 83% sealing before chunk ids
@ohif/app: <s> [webpack.Progress] 83% sealing before chunk ids
@ohif/app: <s> [webpack.Progress] 84% sealing chunk ids
@ohif/app: <s> [webpack.Progress] 84% sealing chunk ids DeterministicChunkIdsPlugin
@ohif/app: <s> [webpack.Progress] 84% sealing chunk ids
@ohif/app: <s> [webpack.Progress] 84% sealing chunk id optimization
@ohif/app: <s> [webpack.Progress] 84% sealing chunk id optimization FlagIncludedChunksPlugin
@ohif/app: <s> [webpack.Progress] 84% sealing chunk id optimization
@ohif/app: <s> [webpack.Progress] 85% sealing after chunk id optimization
@ohif/app: <s> [webpack.Progress] 85% sealing after chunk id optimization
@ohif/app: <s> [webpack.Progress] 86% sealing record modules
@ohif/app: <s> [webpack.Progress] 86% sealing record modules RecordIdsPlugin
@ohif/app: <s> [webpack.Progress] 86% sealing record modules
@ohif/app: <s> [webpack.Progress] 86% sealing record chunks
@ohif/app: <s> [webpack.Progress] 86% sealing record chunks RecordIdsPlugin
@ohif/app: <s> [webpack.Progress] 86% sealing record chunks
@ohif/app: <s> [webpack.Progress] 87% sealing module hashing
@ohif/app: <s> [webpack.Progress] 87% sealing module hashing
@ohif/app: <s> [webpack.Progress] 87% sealing code generation
@ohif/app: <s> [webpack.Progress] 87% sealing code generation
@ohif/app: <s> [webpack.Progress] 88% sealing runtime requirements
@ohif/app: <s> [webpack.Progress] 88% sealing runtime requirements
@ohif/app: <s> [webpack.Progress] 89% sealing hashing
@ohif/app: <s> [webpack.Progress] 89% sealing hashing
@ohif/app: <s> [webpack.Progress] 89% sealing after hashing
@ohif/app: <s> [webpack.Progress] 89% sealing after hashing
@ohif/app: <s> [webpack.Progress] 90% sealing record hash
@ohif/app: <s> [webpack.Progress] 90% sealing record hash
@ohif/app: <s> [webpack.Progress] 91% sealing module assets processing
@ohif/app: <s> [webpack.Progress] 91% sealing module assets processing
@ohif/app: <s> [webpack.Progress] 91% sealing chunk assets processing
@ohif/app: <s> [webpack.Progress] 91% sealing chunk assets processing
@ohif/app: <s> [webpack.Progress] 92% sealing asset processing
@ohif/app: <s> [webpack.Progress] 92% sealing asset processing copy-webpack-plugin
@ohif/app: <s> [webpack.Progress] 92% sealing asset processing PersistentChildCompilerSingletonPlugin
@ohif/app: <s> [webpack.Progress] 92% sealing asset processing TerserPlugin
@ohif/app: <s> [webpack.Progress] 92% sealing asset processing SourceMapDevToolPlugin
@ohif/app: <s> [webpack.Progress] 92% sealing asset processing SourceMapDevToolPlugin
@ohif/app: <s> [webpack.Progress] 92% sealing asset processing SourceMapDevToolPlugin sw.js generate SourceMap
@ohif/app: <s> [webpack.Progress] 92% sealing asset processing SourceMapDevToolPlugin sw.js generated SourceMap
@ohif/app: <s> [webpack.Progress] 92% sealing asset processing SourceMapDevToolPlugin app.bundle.css generate SourceMap
@ohif/app: <s> [webpack.Progress] 92% sealing asset processing SourceMapDevToolPlugin app.bundle.css generated SourceMap
@ohif/app: <s> [webpack.Progress] 92% sealing asset processing SourceMapDevToolPlugin app.bundle.5be9b5686037ad3e1633.js generate SourceMap
@ohif/app: <s> [webpack.Progress] 92% sealing asset processing SourceMapDevToolPlugin app.bundle.5be9b5686037ad3e1633.js generated SourceMap
@ohif/app: <s> [webpack.Progress] 92% sealing asset processing SourceMapDevToolPlugin 1927.bundle.b65e08e267cbd5beee7d.js restored cached SourceMap
@ohif/app: <s> [webpack.Progress] 92% sealing asset processing SourceMapDevToolPlugin 2591.css generate SourceMap
@ohif/app: <s> [webpack.Progress] 92% sealing asset processing SourceMapDevToolPlugin 2591.css generated SourceMap
@ohif/app: <s> [webpack.Progress] 92% sealing asset processing SourceMapDevToolPlugin 4182.css generate SourceMap
@ohif/app: <s> [webpack.Progress] 92% sealing asset processing SourceMapDevToolPlugin 4182.css generated SourceMap
@ohif/app: <s> [webpack.Progress] 92% sealing asset processing SourceMapDevToolPlugin 3200.css generate SourceMap
@ohif/app: <s> [webpack.Progress] 92% sealing asset processing SourceMapDevToolPlugin 3200.css generated SourceMap
@ohif/app: <s> [webpack.Progress] 92% sealing asset processing SourceMapDevToolPlugin 3200.bundle.2ec5ee5113a5c962f3d0.js generate SourceMap
@ohif/app: <s> [webpack.Progress] 92% sealing asset processing SourceMapDevToolPlugin 3200.bundle.2ec5ee5113a5c962f3d0.js generated SourceMap
@ohif/app: <s> [webpack.Progress] 92% sealing asset processing SourceMapDevToolPlugin 1801.css generate SourceMap
@ohif/app: <s> [webpack.Progress] 92% sealing asset processing SourceMapDevToolPlugin 1801.css generated SourceMap
@ohif/app: <s> [webpack.Progress] 92% sealing asset processing SourceMapDevToolPlugin 7197.css generate SourceMap
@ohif/app: <s> [webpack.Progress] 92% sealing asset processing SourceMapDevToolPlugin 7197.css generated SourceMap
@ohif/app: <s> [webpack.Progress] 92% sealing asset processing SourceMapDevToolPlugin 7197.bundle.df62d16a02b9b9939253.js generate SourceMap
@ohif/app: <s> [webpack.Progress] 92% sealing asset processing SourceMapDevToolPlugin 7197.bundle.df62d16a02b9b9939253.js generated SourceMap
@ohif/app: <s> [webpack.Progress] 92% sealing asset processing SourceMapDevToolPlugin 5139.css generate SourceMap
@ohif/app: <s> [webpack.Progress] 92% sealing asset processing SourceMapDevToolPlugin 5139.css generated SourceMap
@ohif/app: <s> [webpack.Progress] 92% sealing asset processing SourceMapDevToolPlugin 5139.bundle.37e406483128ec368360.js generate SourceMap
@ohif/app: <s> [webpack.Progress] 92% sealing asset processing SourceMapDevToolPlugin 5139.bundle.37e406483128ec368360.js generated SourceMap
@ohif/app: <s> [webpack.Progress] 92% sealing asset processing SourceMapDevToolPlugin 717.css generate SourceMap
@ohif/app: <s> [webpack.Progress] 92% sealing asset processing SourceMapDevToolPlugin 717.css generated SourceMap
@ohif/app: <s> [webpack.Progress] 92% sealing asset processing SourceMapDevToolPlugin 717.bundle.b85f05cc648581fa2219.js generate SourceMap
@ohif/app: <s> [webpack.Progress] 92% sealing asset processing SourceMapDevToolPlugin 717.bundle.b85f05cc648581fa2219.js generated SourceMap
@ohif/app: <s> [webpack.Progress] 92% sealing asset processing SourceMapDevToolPlugin 5247.css generate SourceMap
@ohif/app: <s> [webpack.Progress] 92% sealing asset processing SourceMapDevToolPlugin 5247.css generated SourceMap
@ohif/app: <s> [webpack.Progress] 92% sealing asset processing SourceMapDevToolPlugin 5247.bundle.bfadf5618d39f0b5c9a3.js generate SourceMap
@ohif/app: <s> [webpack.Progress] 92% sealing asset processing SourceMapDevToolPlugin 5247.bundle.bfadf5618d39f0b5c9a3.js generated SourceMap
@ohif/app: <s> [webpack.Progress] 92% sealing asset processing SourceMapDevToolPlugin 2424.bundle.4d645da4e9df469ed128.js generate SourceMap
@ohif/app: <s> [webpack.Progress] 92% sealing asset processing SourceMapDevToolPlugin 2424.bundle.4d645da4e9df469ed128.js generated SourceMap
@ohif/app: <s> [webpack.Progress] 92% sealing asset processing SourceMapDevToolPlugin 213.bundle.8d05336c579217ca3bd6.js generate SourceMap
@ohif/app: <s> [webpack.Progress] 92% sealing asset processing SourceMapDevToolPlugin 213.bundle.8d05336c579217ca3bd6.js generated SourceMap
@ohif/app: <s> [webpack.Progress] 92% sealing asset processing SourceMapDevToolPlugin 3198.css generate SourceMap
@ohif/app: <s> [webpack.Progress] 92% sealing asset processing SourceMapDevToolPlugin 3198.css generated SourceMap
@ohif/app: <s> [webpack.Progress] 92% sealing asset processing SourceMapDevToolPlugin 3198.bundle.c1db4af30c7f25b7de53.js generate SourceMap
@ohif/app: <s> [webpack.Progress] 92% sealing asset processing SourceMapDevToolPlugin 3198.bundle.c1db4af30c7f25b7de53.js generated SourceMap
@ohif/app: <s> [webpack.Progress] 92% sealing asset processing SourceMapDevToolPlugin 2825.bundle.282bc5859f7c44f9a67d.js generate SourceMap
@ohif/app: <s> [webpack.Progress] 92% sealing asset processing SourceMapDevToolPlugin 2825.bundle.282bc5859f7c44f9a67d.js generated SourceMap
@ohif/app: <s> [webpack.Progress] 92% sealing asset processing SourceMapDevToolPlugin 8448.css generate SourceMap
@ohif/app: <s> [webpack.Progress] 92% sealing asset processing SourceMapDevToolPlugin 8448.css generated SourceMap
@ohif/app: <s> [webpack.Progress] 92% sealing asset processing SourceMapDevToolPlugin 8448.bundle.cf578e842bef83940bde.js generate SourceMap
@ohif/app: <s> [webpack.Progress] 92% sealing asset processing SourceMapDevToolPlugin 8448.bundle.cf578e842bef83940bde.js generated SourceMap
@ohif/app: <s> [webpack.Progress] 92% sealing asset processing SourceMapDevToolPlugin 8558.bundle.cf808c71c4723e1d4300.js generate SourceMap
@ohif/app: <s> [webpack.Progress] 92% sealing asset processing SourceMapDevToolPlugin 8558.bundle.cf808c71c4723e1d4300.js generated SourceMap
@ohif/app: <s> [webpack.Progress] 92% sealing asset processing SourceMapDevToolPlugin 1266.css generate SourceMap
@ohif/app: <s> [webpack.Progress] 92% sealing asset processing SourceMapDevToolPlugin 1266.css generated SourceMap
@ohif/app: <s> [webpack.Progress] 92% sealing asset processing SourceMapDevToolPlugin 1266.bundle.64e869b29ef448384c9c.js generate SourceMap
@ohif/app: <s> [webpack.Progress] 92% sealing asset processing SourceMapDevToolPlugin 1266.bundle.64e869b29ef448384c9c.js generated SourceMap
@ohif/app: <s> [webpack.Progress] 92% sealing asset processing SourceMapDevToolPlugin 8008.bundle.e2cb1b537bf0a1f3bc1c.js generate SourceMap
@ohif/app: <s> [webpack.Progress] 92% sealing asset processing SourceMapDevToolPlugin 8008.bundle.e2cb1b537bf0a1f3bc1c.js generated SourceMap
@ohif/app: <s> [webpack.Progress] 92% sealing asset processing SourceMapDevToolPlugin 9551.bundle.73be8a000468131ea8fb.js generate SourceMap
@ohif/app: <s> [webpack.Progress] 92% sealing asset processing SourceMapDevToolPlugin 9551.bundle.73be8a000468131ea8fb.js generated SourceMap
@ohif/app: <s> [webpack.Progress] 92% sealing asset processing SourceMapDevToolPlugin 4834.bundle.b9aef7478e503809173c.js generate SourceMap
@ohif/app: <s> [webpack.Progress] 92% sealing asset processing SourceMapDevToolPlugin 4834.bundle.b9aef7478e503809173c.js generated SourceMap
@ohif/app: <s> [webpack.Progress] 92% sealing asset processing SourceMapDevToolPlugin 7955.bundle.19d4478441c56147f35c.js generate SourceMap
@ohif/app: <s> [webpack.Progress] 92% sealing asset processing SourceMapDevToolPlugin 7955.bundle.19d4478441c56147f35c.js generated SourceMap
@ohif/app: <s> [webpack.Progress] 92% sealing asset processing SourceMapDevToolPlugin 8259.bundle.84b13b35aedfa2b6a405.js generate SourceMap
@ohif/app: <s> [webpack.Progress] 92% sealing asset processing SourceMapDevToolPlugin 8259.bundle.84b13b35aedfa2b6a405.js generated SourceMap
@ohif/app: <s> [webpack.Progress] 92% sealing asset processing SourceMapDevToolPlugin 2068.bundle.9ddef6ec064a05b7973d.js generate SourceMap
@ohif/app: <s> [webpack.Progress] 92% sealing asset processing SourceMapDevToolPlugin 2068.bundle.9ddef6ec064a05b7973d.js generated SourceMap
@ohif/app: <s> [webpack.Progress] 92% sealing asset processing SourceMapDevToolPlugin 1374.bundle.7cd2cd541bfc3e0ca2be.js generate SourceMap
@ohif/app: <s> [webpack.Progress] 92% sealing asset processing SourceMapDevToolPlugin 1374.bundle.7cd2cd541bfc3e0ca2be.js generated SourceMap
@ohif/app: <s> [webpack.Progress] 92% sealing asset processing SourceMapDevToolPlugin 8094.bundle.ab99666333b7d66ca807.js generate SourceMap
@ohif/app: <s> [webpack.Progress] 92% sealing asset processing SourceMapDevToolPlugin 8094.bundle.ab99666333b7d66ca807.js generated SourceMap
@ohif/app: <s> [webpack.Progress] 92% sealing asset processing SourceMapDevToolPlugin 732.bundle.444d1427d3c9fc5fbe57.js generate SourceMap
@ohif/app: <s> [webpack.Progress] 92% sealing asset processing SourceMapDevToolPlugin 732.bundle.444d1427d3c9fc5fbe57.js generated SourceMap
@ohif/app: <s> [webpack.Progress] 92% sealing asset processing SourceMapDevToolPlugin polySeg.bundle.ff2830887782e3558038.js restored cached SourceMap
@ohif/app: <s> [webpack.Progress] 92% sealing asset processing SourceMapDevToolPlugin 9611.css generate SourceMap
@ohif/app: <s> [webpack.Progress] 92% sealing asset processing SourceMapDevToolPlugin 9611.css generated SourceMap
@ohif/app: <s> [webpack.Progress] 92% sealing asset processing SourceMapDevToolPlugin 9611.bundle.77b41d24f95903a6bbbd.js generate SourceMap
@ohif/app: <s> [webpack.Progress] 92% sealing asset processing SourceMapDevToolPlugin 9611.bundle.77b41d24f95903a6bbbd.js generated SourceMap
@ohif/app: <s> [webpack.Progress] 92% sealing asset processing SourceMapDevToolPlugin histogram-worker.bundle.ecd8aab4980ff42d091d.js restored cached SourceMap
@ohif/app: <s> [webpack.Progress] 92% sealing asset processing SourceMapDevToolPlugin 2701.bundle.597cd997c7a016768fb3.js generate SourceMap
@ohif/app: <s> [webpack.Progress] 92% sealing asset processing SourceMapDevToolPlugin 2701.bundle.597cd997c7a016768fb3.js generated SourceMap
@ohif/app: <s> [webpack.Progress] 92% sealing asset processing SourceMapDevToolPlugin 9862.bundle.5f0f88ee7c00849f5c20.js generate SourceMap
@ohif/app: <s> [webpack.Progress] 92% sealing asset processing SourceMapDevToolPlugin 9862.bundle.5f0f88ee7c00849f5c20.js generated SourceMap
@ohif/app: <s> [webpack.Progress] 92% sealing asset processing SourceMapDevToolPlugin 8295.bundle.87582a208f10225c7cef.js generate SourceMap
@ohif/app: <s> [webpack.Progress] 92% sealing asset processing SourceMapDevToolPlugin 8295.bundle.87582a208f10225c7cef.js generated SourceMap
@ohif/app: <s> [webpack.Progress] 92% sealing asset processing SourceMapDevToolPlugin 4202.bundle.c58ac90181417cdb8e76.js generate SourceMap
@ohif/app: <s> [webpack.Progress] 92% sealing asset processing SourceMapDevToolPlugin 4202.bundle.c58ac90181417cdb8e76.js generated SourceMap
@ohif/app: <s> [webpack.Progress] 92% sealing asset processing SourceMapDevToolPlugin 8228.css generate SourceMap
@ohif/app: <s> [webpack.Progress] 92% sealing asset processing SourceMapDevToolPlugin 8228.css generated SourceMap
@ohif/app: <s> [webpack.Progress] 92% sealing asset processing SourceMapDevToolPlugin 8228.bundle.26261522f2a24b4f4038.js generate SourceMap
@ohif/app: <s> [webpack.Progress] 92% sealing asset processing SourceMapDevToolPlugin 8228.bundle.26261522f2a24b4f4038.js generated SourceMap
@ohif/app: <s> [webpack.Progress] 92% sealing asset processing SourceMapDevToolPlugin 7159.css generate SourceMap
@ohif/app: <s> [webpack.Progress] 92% sealing asset processing SourceMapDevToolPlugin 7159.css generated SourceMap
@ohif/app: <s> [webpack.Progress] 92% sealing asset processing SourceMapDevToolPlugin 7159.bundle.658e9644518ee9e55c10.js generate SourceMap
@ohif/app: <s> [webpack.Progress] 92% sealing asset processing SourceMapDevToolPlugin 7159.bundle.658e9644518ee9e55c10.js generated SourceMap
@ohif/app: <s> [webpack.Progress] 92% sealing asset processing SourceMapDevToolPlugin 6939.bundle.88ca16aaecfa48d81354.js generate SourceMap
@ohif/app: <s> [webpack.Progress] 92% sealing asset processing SourceMapDevToolPlugin 6939.bundle.88ca16aaecfa48d81354.js generated SourceMap
@ohif/app: <s> [webpack.Progress] 92% sealing asset processing SourceMapDevToolPlugin suv-peak-worker.bundle.4fd72ecad47d4680676b.js restored cached SourceMap
@ohif/app: <s> [webpack.Progress] 92% sealing asset processing SourceMapDevToolPlugin 3121.bundle.4daa94ebb5e87c03c4ef.js generate SourceMap
@ohif/app: <s> [webpack.Progress] 92% sealing asset processing SourceMapDevToolPlugin 3121.bundle.4daa94ebb5e87c03c4ef.js generated SourceMap
@ohif/app: <s> [webpack.Progress] 92% sealing asset processing SourceMapDevToolPlugin 149.bundle.a60a7995d62121b7dd20.js generate SourceMap
@ohif/app: <s> [webpack.Progress] 92% sealing asset processing SourceMapDevToolPlugin 149.bundle.a60a7995d62121b7dd20.js generated SourceMap
@ohif/app: <s> [webpack.Progress] 92% sealing asset processing SourceMapDevToolPlugin 420.bundle.da004b79fdd78e266b02.js generate SourceMap
@ohif/app: <s> [webpack.Progress] 92% sealing asset processing SourceMapDevToolPlugin 420.bundle.da004b79fdd78e266b02.js generated SourceMap
@ohif/app: <s> [webpack.Progress] 92% sealing asset processing SourceMapDevToolPlugin 4033.bundle.1b0c3198ad1dcb8e6f13.js generate SourceMap
@ohif/app: <s> [webpack.Progress] 92% sealing asset processing SourceMapDevToolPlugin 4033.bundle.1b0c3198ad1dcb8e6f13.js generated SourceMap
@ohif/app: <s> [webpack.Progress] 92% sealing asset processing SourceMapDevToolPlugin 3334.bundle.fa9bc853303f2c238a09.js generate SourceMap
@ohif/app: <s> [webpack.Progress] 92% sealing asset processing SourceMapDevToolPlugin 3334.bundle.fa9bc853303f2c238a09.js generated SourceMap
@ohif/app: <s> [webpack.Progress] 92% sealing asset processing SourceMapDevToolPlugin 3970.bundle.4f77595f347e85716672.js generate SourceMap
@ohif/app: <s> [webpack.Progress] 92% sealing asset processing SourceMapDevToolPlugin 3970.bundle.4f77595f347e85716672.js generated SourceMap
@ohif/app: <s> [webpack.Progress] 92% sealing asset processing SourceMapDevToolPlugin 5823.bundle.7946d30943616fc358ba.js generate SourceMap
@ohif/app: <s> [webpack.Progress] 92% sealing asset processing SourceMapDevToolPlugin 5823.bundle.7946d30943616fc358ba.js generated SourceMap
@ohif/app: <s> [webpack.Progress] 92% sealing asset processing SourceMapDevToolPlugin 8523.bundle.d3b899899a65b19d1c53.js generate SourceMap
@ohif/app: <s> [webpack.Progress] 92% sealing asset processing SourceMapDevToolPlugin 8523.bundle.d3b899899a65b19d1c53.js generated SourceMap
@ohif/app: <s> [webpack.Progress] 92% sealing asset processing SourceMapDevToolPlugin 5807.bundle.364c002185f45264d1c6.js generate SourceMap
@ohif/app: <s> [webpack.Progress] 92% sealing asset processing SourceMapDevToolPlugin 5807.bundle.364c002185f45264d1c6.js generated SourceMap
@ohif/app: <s> [webpack.Progress] 92% sealing asset processing SourceMapDevToolPlugin 5717.bundle.089f90ed5e980f3feeb4.js generate SourceMap
@ohif/app: <s> [webpack.Progress] 92% sealing asset processing SourceMapDevToolPlugin 5717.bundle.089f90ed5e980f3feeb4.js generated SourceMap
@ohif/app: <s> [webpack.Progress] 92% sealing asset processing SourceMapDevToolPlugin 5252.bundle.3dfba909b0953a8eab03.js generate SourceMap
@ohif/app: <s> [webpack.Progress] 92% sealing asset processing SourceMapDevToolPlugin 5252.bundle.3dfba909b0953a8eab03.js generated SourceMap
@ohif/app: <s> [webpack.Progress] 92% sealing asset processing SourceMapDevToolPlugin 4245.bundle.f6ef6420595c532dfbbc.js generate SourceMap
@ohif/app: <s> [webpack.Progress] 92% sealing asset processing SourceMapDevToolPlugin 4245.bundle.f6ef6420595c532dfbbc.js generated SourceMap
@ohif/app: <s> [webpack.Progress] 92% sealing asset processing SourceMapDevToolPlugin 5261.bundle.e4769e609a18eddde556.js generate SourceMap
@ohif/app: <s> [webpack.Progress] 92% sealing asset processing SourceMapDevToolPlugin 5261.bundle.e4769e609a18eddde556.js generated SourceMap
@ohif/app: <s> [webpack.Progress] 92% sealing asset processing SourceMapDevToolPlugin 4571.bundle.3eb734e4eaae3ec7e0f4.js generate SourceMap
@ohif/app: <s> [webpack.Progress] 92% sealing asset processing SourceMapDevToolPlugin 4571.bundle.3eb734e4eaae3ec7e0f4.js generated SourceMap
@ohif/app: <s> [webpack.Progress] 92% sealing asset processing SourceMapDevToolPlugin 3677.bundle.4457a7ee0d7c8733c712.js generate SourceMap
@ohif/app: <s> [webpack.Progress] 92% sealing asset processing SourceMapDevToolPlugin 3677.bundle.4457a7ee0d7c8733c712.js generated SourceMap
@ohif/app: <s> [webpack.Progress] 92% sealing asset processing SourceMapDevToolPlugin 1520.bundle.33e0fadeed06b2f366d3.js generate SourceMap
@ohif/app: <s> [webpack.Progress] 92% sealing asset processing SourceMapDevToolPlugin 1520.bundle.33e0fadeed06b2f366d3.js generated SourceMap
@ohif/app: <s> [webpack.Progress] 92% sealing asset processing SourceMapDevToolPlugin 1185.bundle.f7c80b0608dfd31b7be0.js generate SourceMap
@ohif/app: <s> [webpack.Progress] 92% sealing asset processing SourceMapDevToolPlugin 1185.bundle.f7c80b0608dfd31b7be0.js generated SourceMap
@ohif/app: <s> [webpack.Progress] 92% sealing asset processing SourceMapDevToolPlugin 5687.bundle.a0ef683224d22df48f63.js generate SourceMap
@ohif/app: <s> [webpack.Progress] 92% sealing asset processing SourceMapDevToolPlugin 5687.bundle.a0ef683224d22df48f63.js generated SourceMap
@ohif/app: <s> [webpack.Progress] 92% sealing asset processing SourceMapDevToolPlugin google.js generate SourceMap
@ohif/app: <s> [webpack.Progress] 92% sealing asset processing SourceMapDevToolPlugin google.js generated SourceMap
@ohif/app: <s> [webpack.Progress] 92% sealing asset processing SourceMapDevToolPlugin app-config.js generate SourceMap
@ohif/app: <s> [webpack.Progress] 92% sealing asset processing SourceMapDevToolPlugin app-config.js generated SourceMap
@ohif/app: <s> [webpack.Progress] 92% sealing asset processing SourceMapDevToolPlugin es6-shim.min.js generate SourceMap
@ohif/app: <s> [webpack.Progress] 92% sealing asset processing SourceMapDevToolPlugin es6-shim.min.js generated SourceMap
@ohif/app: <s> [webpack.Progress] 92% sealing asset processing SourceMapDevToolPlugin init-service-worker.js generate SourceMap
@ohif/app: <s> [webpack.Progress] 92% sealing asset processing SourceMapDevToolPlugin init-service-worker.js generated SourceMap
@ohif/app: <s> [webpack.Progress] 92% sealing asset processing SourceMapDevToolPlugin oidc-client.min.js generate SourceMap
@ohif/app: <s> [webpack.Progress] 92% sealing asset processing SourceMapDevToolPlugin oidc-client.min.js generated SourceMap
@ohif/app: <s> [webpack.Progress] 92% sealing asset processing SourceMapDevToolPlugin polyfill.min.js generate SourceMap
@ohif/app: <s> [webpack.Progress] 92% sealing asset processing SourceMapDevToolPlugin polyfill.min.js generated SourceMap
@ohif/app: <s> [webpack.Progress] 92% sealing asset processing SourceMapDevToolPlugin dicom-microscopy-viewer/dicomMicroscopyViewer.min.js generate SourceMap
@ohif/app: <s> [webpack.Progress] 92% sealing asset processing SourceMapDevToolPlugin dicom-microscopy-viewer/dicomMicroscopyViewer.min.js generated SourceMap
@ohif/app: <s> [webpack.Progress] 92% sealing asset processing SourceMapDevToolPlugin dicom-microscopy-viewer/index.worker.min.worker.js generate SourceMap
@ohif/app: <s> [webpack.Progress] 92% sealing asset processing SourceMapDevToolPlugin dicom-microscopy-viewer/index.worker.min.worker.js generated SourceMap
@ohif/app: <s> [webpack.Progress] 92% sealing asset processing SourceMapDevToolPlugin resolve sources
@ohif/app: <s> [webpack.Progress] 92% sealing asset processing SourceMapDevToolPlugin app.bundle.5be9b5686037ad3e1633.js attach SourceMap
@ohif/app: <s> [webpack.Progress] 92% sealing asset processing SourceMapDevToolPlugin app.bundle.5be9b5686037ad3e1633.js attached SourceMap
@ohif/app: <s> [webpack.Progress] 92% sealing asset processing SourceMapDevToolPlugin 8448.bundle.cf578e842bef83940bde.js attach SourceMap
@ohif/app: <s> [webpack.Progress] 92% sealing asset processing SourceMapDevToolPlugin 8448.bundle.cf578e842bef83940bde.js attached SourceMap
@ohif/app: <s> [webpack.Progress] 92% sealing asset processing SourceMapDevToolPlugin 2068.bundle.9ddef6ec064a05b7973d.js attach SourceMap
@ohif/app: <s> [webpack.Progress] 92% sealing asset processing SourceMapDevToolPlugin 2068.bundle.9ddef6ec064a05b7973d.js attached SourceMap
@ohif/app: <s> [webpack.Progress] 92% sealing asset processing SourceMapDevToolPlugin
@ohif/app: <s> [webpack.Progress] 92% sealing asset processing SourceMapDevToolPlugin
@ohif/app: <s> [webpack.Progress] 92% sealing asset processing SourceMapDevToolPlugin resolve sources
@ohif/app: <s> [webpack.Progress] 92% sealing asset processing SourceMapDevToolPlugin
@ohif/app: <s> [webpack.Progress] 92% sealing asset processing HtmlWebpackPlugin
@ohif/app: <s> [webpack.Progress] 92% sealing asset processing HtmlWebpackPlugin
@ohif/app: <s> [webpack.Progress] 92% sealing asset processing HtmlWebpackPlugin resolve sources
@ohif/app: <s> [webpack.Progress] 92% sealing asset processing HtmlWebpackPlugin
@ohif/app: <s> [webpack.Progress] 92% sealing asset processing RealContentHashPlugin
@ohif/app: <s> [webpack.Progress] 92% sealing asset processing InjectManifest
@ohif/app: <s> [webpack.Progress] 92% sealing asset processing
@ohif/app: <s> [webpack.Progress] 93% sealing after asset optimization
@ohif/app: <s> [webpack.Progress] 93% sealing after asset optimization
@ohif/app: <s> [webpack.Progress] 93% sealing recording
@ohif/app: <s> [webpack.Progress] 93% sealing recording
@ohif/app: <s> [webpack.Progress] 94% sealing after seal
@ohif/app: <s> [webpack.Progress] 94% sealing after seal
@ohif/app: <s> [webpack.Progress] 95% emitting emit
@ohif/app: <s> [webpack.Progress] 95% emitting emit clean-webpack-plugin
@ohif/app: <s> [webpack.Progress] 95% emitting emit
@ohif/app: <s> [webpack.Progress] 98% emitting after emit
@ohif/app: <s> [webpack.Progress] 98% emitting after emit SizeLimitsPlugin
@ohif/app: <s> [webpack.Progress] 98% emitting after emit
@ohif/app: <s> [webpack.Progress] 99% done plugins
@ohif/app: <s> [webpack.Progress] 99% done plugins clean-webpack-plugin
@ohif/app: <s> [webpack.Progress] 99% done plugins IdleFileCachePlugin
@ohif/app: <s> [webpack.Progress] 99% done plugins
@ohif/app: <s> [webpack.Progress] 99% 
@ohif/app: <s> [webpack.Progress] 99% cache store build dependencies
@ohif/app: <s> [webpack.Progress] 99% cache store build dependencies IdleFileCachePlugin
@ohif/app: <s> [webpack.Progress] 99% cache store build dependencies
@ohif/app: <s> [webpack.Progress] 99% cache begin idle
@ohif/app: <s> [webpack.Progress] 99% cache begin idle IdleFileCachePlugin
@ohif/app: <s> [webpack.Progress] 99% cache begin idle
@ohif/app: <s> [webpack.Progress] 100% 
@ohif/app: <s> [webpack.Progress] 99% cache shutdown
@ohif/app: <s> [webpack.Progress] 99% cache shutdown MemoryCachePlugin
@ohif/app: <s> [webpack.Progress] 99% cache shutdown IdleFileCachePlugin
@ohif/app: <s> [webpack.Progress] 99% cache shutdown IdleFileCachePlugin process pending cache items
@ohif/app: <s> [webpack.Progress] 99% cache shutdown IdleFileCachePlugin serialize pack
@ohif/app: <s> [webpack.Progress] 99% cache shutdown IdleFileCachePlugin stored
@ohif/app: <s> [webpack.Progress] 99% cache shutdown
@ohif/app: <s> [webpack.Progress] 100% 
@ohif/app: assets by path [1m[32massets/[39m[22m 1.6 MiB 252 assets
@ohif/app: assets by path [1m[32m*.js[39m[22m 11.6 MiB 59 assets
@ohif/app: assets by path [1m[32m*.css[39m[22m 257 KiB 15 assets
@ohif/app: assets by path [1m[32mdicom-microscopy-viewer/[39m[22m 12.4 MiB 8 assets
@ohif/app: assets by path [1m[32m*.wasm[39m[22m 6.13 MiB 5 assets
@ohif/app: assets by path [1m[32m*.svg[39m[22m 32.3 KiB 2 assets
@ohif/app: assets by path [1m[32m*.html[39m[22m 5.63 KiB
@ohif/app:   asset [1m[32mindex.html[39m[22m 5 KiB [1m[32m[emitted][39m[22m
@ohif/app:   asset [1m[32msilent-refresh.html[39m[22m 640 bytes [1m[32m[emitted][39m[22m [from: ../public/silent-refresh.html] [1m[32m[copied][39m[22m
@ohif/app: assets by path [1m[32m*.json[39m[22m 1.57 KiB
@ohif/app:   asset [1m[32mmanifest.json[39m[22m 1.28 KiB [1m[32m[emitted][39m[22m [from: ../public/manifest.json] [1m[32m[copied][39m[22m
@ohif/app:   asset [1m[32mserve.json[39m[22m 298 bytes [1m[32m[emitted][39m[22m [from: ../public/serve.json] [1m[32m[copied][39m[22m
@ohif/app: asset [1m[32m_redirects[39m[22m 150 bytes [1m[32m[emitted][39m[22m [from: ../public/_redirects] [1m[32m[copied][39m[22m
@ohif/app: asset [1m[32m_headers[39m[22m 0 bytes [1m[32m[emitted][39m[22m [from: ../public/_headers] [1m[32m[copied][39m[22m
@ohif/app: Entrypoint [1mapp[39m[22m [1m[33m[big][39m[22m 6.2 MiB (1.3 MiB) = [1m[32mapp.bundle.css[39m[22m 222 KiB [1m[32mapp.bundle.5be9b5686037ad3e1633.js[39m[22m 5.98 MiB 205 auxiliary assets
@ohif/app: [1mLOG from InjectManifest[39m[22m
@ohif/app: <i> [1m[32mThe service worker at sw.js will precache[39m[22m
@ohif/app: <i> [1m[32m        368 URLs, totaling 33.7 MB.[39m[22m
@ohif/app: [1m[33mWARNING[39m[22m in [1mDefinePlugin
@ohif/app: [1m[31mConflicting[39m[22m[1m values for 'process.env.PUBLIC_URL'[39m[22m
@ohif/app: [1m[33mWARNING[39m[22m in [1mDefinePlugin
@ohif/app: [1m[31mConflicting[39m[22m[1m values for 'process.env.PUBLIC_URL'[39m[22m
@ohif/app: [1m[33mWARNING[39m[22m in [1masset size limit: The following asset(s) exceed the recommended size limit (244 KiB).
@ohif/app: This can impact web performance.
@ohif/app: Assets: 
@ohif/app:   app.bundle.5be9b5686037ad3e1633.js (5.98 MiB)
@ohif/app:   149.bundle.a60a7995d62121b7dd20.js (845 KiB)
@ohif/app:   420.bundle.da004b79fdd78e266b02.js (458 KiB)
@ohif/app:   8523.bundle.d3b899899a65b19d1c53.js (1.14 MiB)
@ohif/app:   5807.bundle.364c002185f45264d1c6.js (605 KiB)
@ohif/app:   5717.bundle.089f90ed5e980f3feeb4.js (497 KiB)
@ohif/app:   17dd54813d5acc10bf8f.wasm (5.38 MiB)
@ohif/app:   031089e563a18ada8441.wasm (250 KiB)
@ohif/app:   1185.bundle.f7c80b0608dfd31b7be0.js (315 KiB)
@ohif/app:   dicom-microscopy-viewer/dicomMicroscopyViewer.min.js (2.31 MiB)
@ohif/app:   dicom-microscopy-viewer/dicomMicroscopyViewer.min.js.map (8.47 MiB)
@ohif/app:   dicom-microscopy-viewer/index.worker.min.worker.js.map (724 KiB)[39m[22m
@ohif/app: [1m[33mWARNING[39m[22m in [1mentrypoint size limit: The following entrypoint(s) combined asset size exceeds the recommended limit (244 KiB). This can impact web performance.
@ohif/app: Entrypoints:
@ohif/app:   app (6.2 MiB)
@ohif/app:       app.bundle.css
@ohif/app:       app.bundle.5be9b5686037ad3e1633.js
@ohif/app: [39m[22m
@ohif/app: [1m[33m2 WARNINGS in child compilations (Use 'stats.children: true' resp. '--stats-children' for more details)[39m[22m
@ohif/app: 2 warnings have detailed information that is not shown.
@ohif/app: Use 'stats.errorDetails: true' resp. '--stats-error-details' to show it.
@ohif/app: webpack 5.94.0 compiled with [1m[33m6 warnings[39m[22m in 24539 ms (bc266f7201088a92e802)
@ohif/app: [2K[1G@ohif/app: Done in 30.11s.

 

 >  Lerna (powered by Nx)   Successfully ran target build:viewer for project @ohif/app


