Using PYTHONPATH=/Users/dtraihn/Documents/Github/ILD-OHIF-Tool:

[2026-07-31 16:03:34,392] [89096] [MainThread] [INFO] (__main__:285) - USING:: version = False
[2026-07-31 16:03:34,392] [89096] [MainThread] [INFO] (__main__:285) - USING:: app = /Users/dtraihn/Documents/Github/ILD-OHIF-Tool/radiology
[2026-07-31 16:03:34,392] [89096] [MainThread] [INFO] (__main__:285) - USING:: studies = http://localhost:8042/dicom-web
[2026-07-31 16:03:34,392] [89096] [MainThread] [INFO] (__main__:285) - USING:: verbose = INFO
[2026-07-31 16:03:34,392] [89096] [MainThread] [INFO] (__main__:285) - USING:: conf = [['models', 'nnunet_lung,nnunet_ild,sam2_lung,sam2_ild']]
[2026-07-31 16:03:34,392] [89096] [MainThread] [INFO] (__main__:285) - USING:: host = 0.0.0.0
[2026-07-31 16:03:34,392] [89096] [MainThread] [INFO] (__main__:285) - USING:: port = 8000
[2026-07-31 16:03:34,392] [89096] [MainThread] [INFO] (__main__:285) - USING:: uvicorn_app = monailabel.app:app
[2026-07-31 16:03:34,392] [89096] [MainThread] [INFO] (__main__:285) - USING:: ssl_keyfile = None
[2026-07-31 16:03:34,392] [89096] [MainThread] [INFO] (__main__:285) - USING:: ssl_certfile = None
[2026-07-31 16:03:34,392] [89096] [MainThread] [INFO] (__main__:285) - USING:: ssl_keyfile_password = None
[2026-07-31 16:03:34,392] [89096] [MainThread] [INFO] (__main__:285) - USING:: ssl_ca_certs = None
[2026-07-31 16:03:34,392] [89096] [MainThread] [INFO] (__main__:285) - USING:: workers = None
[2026-07-31 16:03:34,392] [89096] [MainThread] [INFO] (__main__:285) - USING:: limit_concurrency = None
[2026-07-31 16:03:34,392] [89096] [MainThread] [INFO] (__main__:285) - USING:: access_log = False
[2026-07-31 16:03:34,392] [89096] [MainThread] [INFO] (__main__:285) - USING:: root_path = 
[2026-07-31 16:03:34,392] [89096] [MainThread] [INFO] (__main__:285) - USING:: log_level = info
[2026-07-31 16:03:34,392] [89096] [MainThread] [INFO] (__main__:285) - USING:: log_config = None
[2026-07-31 16:03:34,392] [89096] [MainThread] [INFO] (__main__:285) - USING:: dryrun = False
[2026-07-31 16:03:34,392] [89096] [MainThread] [INFO] (__main__:285) - USING:: action = start_server
[2026-07-31 16:03:34,392] [89096] [MainThread] [INFO] (__main__:296) - 
[2026-07-31 16:03:34,780] [89096] [MainThread] [INFO] (uvicorn.error:94) - Started server process [89096]
[2026-07-31 16:03:34,780] [89096] [MainThread] [INFO] (uvicorn.error:48) - Waiting for application startup.
[2026-07-31 16:03:34,780] [89096] [MainThread] [INFO] (monailabel.interfaces.utils.app:37) - Initializing App from: /Users/dtraihn/Documents/Github/ILD-OHIF-Tool/radiology; studies: http://localhost:8042/dicom-web; conf: {'models': 'nnunet_lung,nnunet_ild,sam2_lung,sam2_ild'}
[2026-07-31 16:03:34,841] [89096] [MainThread] [INFO] (monailabel.utils.others.class_utils:57) - Subclass for MONAILabelApp Found: <class 'main.MyApp'>
[2026-07-31 16:03:34,842] [89096] [MainThread] [INFO] (monailabel.utils.others.class_utils:57) - Subclass for TaskConfig Found: <class 'lib.configs.nnunet_ild.NNUNetILD'>
[2026-07-31 16:03:34,847] [89096] [MainThread] [INFO] (monailabel.utils.others.class_utils:57) - Subclass for TaskConfig Found: <class 'lib.configs.deepedit.DeepEdit'>
[2026-07-31 16:03:34,847] [89096] [MainThread] [INFO] (monailabel.utils.others.class_utils:57) - Subclass for TaskConfig Found: <class 'lib.configs.localization_spine.LocalizationSpine'>
[2026-07-31 16:03:34,847] [89096] [MainThread] [INFO] (monailabel.utils.others.class_utils:57) - Subclass for TaskConfig Found: <class 'lib.configs.nnunet_lung.NNUNetLung'>
[2026-07-31 16:03:34,848] [89096] [MainThread] [INFO] (monailabel.utils.others.class_utils:57) - Subclass for TaskConfig Found: <class 'lib.configs.deepgrow_2d.Deepgrow2D'>
[2026-07-31 16:03:34,848] [89096] [MainThread] [INFO] (monailabel.utils.others.class_utils:57) - Subclass for TaskConfig Found: <class 'lib.configs.deepgrow_3d.Deepgrow3D'>
[2026-07-31 16:03:34,848] [89096] [MainThread] [INFO] (monailabel.utils.others.class_utils:57) - Subclass for TaskConfig Found: <class 'lib.configs.localization_vertebra.LocalizationVertebra'>
[2026-07-31 16:03:34,850] [89096] [MainThread] [INFO] (monailabel.utils.others.class_utils:57) - Subclass for TaskConfig Found: <class 'lib.configs.sam2_lung.SAM2Lung'>
[2026-07-31 16:03:34,851] [89096] [MainThread] [INFO] (monailabel.utils.others.class_utils:57) - Subclass for TaskConfig Found: <class 'lib.configs.segmentation_spleen.SegmentationSpleen'>
[2026-07-31 16:03:34,851] [89096] [MainThread] [INFO] (monailabel.utils.others.class_utils:57) - Subclass for TaskConfig Found: <class 'lib.configs.segmentation_vertebra.SegmentationVertebra'>
[2026-07-31 16:03:34,852] [89096] [MainThread] [INFO] (monailabel.utils.others.class_utils:57) - Subclass for TaskConfig Found: <class 'lib.configs.sam2_ild.SAM2ILD'>
[2026-07-31 16:03:34,852] [89096] [MainThread] [INFO] (monailabel.utils.others.class_utils:57) - Subclass for TaskConfig Found: <class 'lib.configs.segmentation.Segmentation'>
[2026-07-31 16:03:34,852] [89096] [MainThread] [INFO] (main:93) - +++ Adding Model: nnunet_lung => lib.configs.nnunet_lung.NNUNetLung
[2026-07-31 16:03:34,852] [89096] [MainThread] [INFO] (main:93) - +++ Adding Model: nnunet_ild => lib.configs.nnunet_ild.NNUNetILD
[2026-07-31 16:03:34,852] [89096] [MainThread] [INFO] (main:93) - +++ Adding Model: sam2_lung => lib.configs.sam2_lung.SAM2Lung
[2026-07-31 16:03:34,852] [89096] [MainThread] [INFO] (main:93) - +++ Adding Model: sam2_ild => lib.configs.sam2_ild.SAM2ILD
[2026-07-31 16:03:34,853] [89096] [MainThread] [INFO] (main:96) - +++ Using Models: ['nnunet_lung', 'nnunet_ild', 'sam2_lung', 'sam2_ild']
[2026-07-31 16:03:34,853] [89096] [MainThread] [INFO] (monailabel.interfaces.app:135) - Init Datastore for: http://localhost:8042/dicom-web
[2026-07-31 16:03:34,853] [89096] [MainThread] [INFO] (monailabel.interfaces.app:156) - Using DICOM WEB: http://localhost:8042/dicom-web
[2026-07-31 16:03:34,853] [89096] [MainThread] [INFO] (monailabel.datastore.dicom:62) - DICOMWeb Datastore (cache) Path: /Users/dtraihn/.cache/monailabel/dicom/e6414d4049f71ab28e6f9528a15f294e; FetchByFrame: False
[2026-07-31 16:03:34,853] [89096] [MainThread] [INFO] (monailabel.datastore.dicom:63) - DICOMWeb Convert To Nifti: True
[2026-07-31 16:03:34,853] [89096] [MainThread] [INFO] (monailabel.datastore.local:130) - Auto Reload: True; Extensions: ('*.nii.gz', '*.nii')
[2026-07-31 16:03:34,855] [89096] [MainThread] [INFO] (monailabel.datastore.local:577) - Invalidate count: 0
[2026-07-31 16:03:34,855] [89096] [MainThread] [INFO] (monailabel.datastore.local:151) - Start observing external modifications on datastore (AUTO RELOAD)
[2026-07-31 16:03:35,941] [89096] [MainThread] [INFO] (main:126) - +++ Adding Inferer:: nnunet_lung => <lib.infers.nnunet.NNUNet object at 0x155f94b90>
[2026-07-31 16:03:36,991] [89096] [MainThread] [INFO] (main:126) - +++ Adding Inferer:: nnunet_ild => <lib.infers.nnunet.NNUNet object at 0x156164f80>
[2026-07-31 16:03:36,991] [89096] [MainThread] [INFO] (main:191) - {'nnunet_lung': <lib.infers.nnunet.NNUNet object at 0x155f94b90>, 'nnunet_ild': <lib.infers.nnunet.NNUNet object at 0x156164f80>, 'Histogram+GraphCut': <monailabel.scribbles.infer.HistogramBasedGraphCut object at 0x15788d220>, 'GMM+GraphCut': <monailabel.scribbles.infer.GMMBasedGraphCut object at 0x157956240>}
[2026-07-31 16:03:36,992] [89096] [MainThread] [INFO] (monailabel.utils.sessions:51) - Session Path: /Users/dtraihn/.cache/monailabel/sessions
[2026-07-31 16:03:36,992] [89096] [MainThread] [INFO] (monailabel.utils.sessions:52) - Session Expiry (max): 3600
[2026-07-31 16:03:36,992] [89096] [MainThread] [INFO] (monailabel.interfaces.app:469) - App Init - completed
Allow Origins: ['*']
App Init...
perform_everything_on_device=True is only supported for cuda devices! Setting this to False
perform_everything_on_device=True is only supported for cuda devices! Setting this to False
[2026-07-31 16:03:36,994] [timeloop] [INFO] Starting Timeloop..
[2026-07-31 16:03:36,994] [89096] [MainThread] [INFO] (timeloop:60) - Starting Timeloop..
[2026-07-31 16:03:36,996] [timeloop] [INFO] Registered job <function MONAILabelApp.on_init_complete.<locals>.run_scheduler at 0x155f92520>
[2026-07-31 16:03:36,996] [89096] [MainThread] [INFO] (timeloop:42) - Registered job <function MONAILabelApp.on_init_complete.<locals>.run_scheduler at 0x155f92520>
[2026-07-31 16:03:36,996] [timeloop] [INFO] Timeloop now started. Jobs will run based on the interval set
[2026-07-31 16:03:36,996] [89096] [MainThread] [INFO] (timeloop:63) - Timeloop now started. Jobs will run based on the interval set
[2026-07-31 16:03:36,999] [89096] [MainThread] [INFO] (uvicorn.error:62) - Application startup complete.
[2026-07-31 16:03:37,001] [89096] [MainThread] [INFO] (uvicorn.error:225) - Uvicorn running on http://0.0.0.0:8000 (Press CTRL+C to quit)
[2026-07-31 16:03:55,494] [89096] [MainThread] [INFO] (dicomweb_client.web:2174) - search for series
[2026-07-31 16:03:56,088] [89096] [MainThread] [INFO] (dicomweb_client.web:2174) - search for series
[2026-07-31 17:17:33,890] [89096] [MainThread] [INFO] (uvicorn.error:273) - Shutting down
[2026-07-31 17:17:34,051] [89096] [MainThread] [INFO] (uvicorn.error:67) - Waiting for application shutdown.
[2026-07-31 17:17:34,075] [89096] [MainThread] [INFO] (uvicorn.error:76) - Application shutdown complete.
[2026-07-31 17:17:34,077] [89096] [MainThread] [INFO] (uvicorn.error:104) - Finished server process [89096]
